<html>
<body>
<pre>
<h1>µVision Build Log</h1>
<h2>Tool Versions:</h2>
IDE-Version: ¦ÌVision V5.14.0.0
Copyright (C) 2015 ARM Ltd and ARM Germany GmbH. All rights reserved.
License Information: a a, a, LIC=UB401-CHZGK-59WGZ-JX8TG-WLZ2N-JSCAA
 
Tool Versions:
Toolchain:       MDK-ARM Professional  Version: 5.14.0.0
Toolchain Path:  C:\Keil_v5\ARM\ARMCC\Bin
C Compiler:      Armcc.exe V5.05 update 1 (build 106)
Assembler:       Armasm.exe V5.05 update 1 (build 106)
Linker/Locator:  ArmLink.exe V5.05 update 1 (build 106)
Library Manager: ArmAr.exe V5.05 update 1 (build 106)
Hex Converter:   FromElf.exe V5.05 update 1 (build 106)
CPU DLL:         SARMCM3.DLL V5.14.0.0
Dialog DLL:      DCM.DLL V1.13.1.0
Target DLL:      UL2CM3.DLL V1.155.0.0
Dialog DLL:      TCM.DLL V1.14.4.0
 
<h2>Project:</h2>
D:\Workspace\FYP\Linear Delta\EBD\MDK\communication.uvprojx
Project File Date:  01/29/2020

<h2>Output:</h2>
Build target 'Target 1'
compiling controller.c...
..\HARDWARE\LED\led.h(14): warning:  #1-D: last line of file ends without a newline
  #endif
..\SYSTEM\controller\controller.h(10): warning:  #1295-D: Deprecated declaration Decoder - give arg types
  void Decoder();
..\SYSTEM\controller\controller.h(12): warning:  #1-D: last line of file ends without a newline
  #endif
..\SYSTEM\controller\controller.c: 3 warnings, 0 errors
linking...
Program Size: Code=2976 RO-data=424 RW-data=28 ZI-data=1836  
FromELF: creating hex file...
".\Objects\communication.axf" - 0 Error(s), 3 Warning(s).

<h2>Collection of Component include folders:</h2>
  D:\Workspace\FYP\Linear Delta\EBD\MDK\RTE
  C:\Keil_v5\ARM\PACK\Keil\STM32F4xx_DFP\1.0.8\Device\Include

<h2>Collection of Component Files used:</h2>
</pre>
</body>
</html>
