<html>
<body>
<pre>
<h1>µVision Build Log</h1>
<h2>Tool Versions:</h2>
IDE-Version: ¦ÌVision V5.14.0.0
Copyright (C) 2015 ARM Ltd and ARM Germany GmbH. All rights reserved.
License Information: kkkkk KW_DONG,  kkkkk, LIC=FYKY8-3JN6Y-WF1I7-EB4TQ-TE5B1-3THPS
 
Tool Versions:
Toolchain:       MDK-ARM Standard  Version: 5.14.0.0
Toolchain Path:  C:\Keil_v5\ARM\ARMCC\Bin
C Compiler:      Armcc.exe V5.05 update 1 (build 106)
Assembler:       Armasm.exe V5.05 update 1 (build 106)
Linker/Locator:  ArmLink.exe V5.05 update 1 (build 106)
Library Manager: ArmAr.exe V5.05 update 1 (build 106)
Hex Converter:   FromElf.exe V5.05 update 1 (build 106)
CPU DLL:         SARMCM3.DLL V5.14.0.0
Dialog DLL:      DCM.DLL V1.13.1.0
Target DLL:      STLink\ST-LINKIII-KEIL_SWO.dll V2.0.14.0_KEIL
Dialog DLL:      TCM.DLL V1.14.4.0
 
<h2>Project:</h2>
C:\Users\KW_DONG\Documents\GitHub\Relta\mdk\Relta.uvprojx
Project File Date:  06/03/2020

<h2>Output:</h2>
Build target 'RELTA'
compiling test.c...
..\module\test.h(23): warning:  #1-D: last line of file ends without a newline
                                                
..\module\test.c: 1 warning, 0 errors
compiling main.c...
..\module\test.h(23): warning:  #1-D: last line of file ends without a newline
                                                
..\user\LDR_v0.2\main.c(71): warning:  #177-D: variable "block_num" was declared but never referenced
      uint32_t block_num = 0;
..\user\LDR_v0.2\main.c(81): warning:  #177-D: variable "new_block" was declared but never referenced
      block_t new_block;
..\user\LDR_v0.2\main.c: 3 warnings, 0 errors
linking...
Program Size: Code=9964 RO-data=616 RW-data=44 ZI-data=3028  
".\Objects\Relta.axf" - 0 Error(s), 4 Warning(s).

<h2>Collection of Component include folders:</h2>
  C:\Users\KW_DONG\Documents\GitHub\Relta\mdk\RTE
  C:\Keil_v5\ARM\PACK\Keil\STM32F4xx_DFP\1.0.8\Device\Include

<h2>Collection of Component Files used:</h2>
</pre>
</body>
</html>
