<html>
<body>
<pre>
<h1>µVision Build Log</h1>
<h2>Tool Versions:</h2>
IDE-Version: ¦ÌVision V5.14.0.0
Copyright (C) 2015 ARM Ltd and ARM Germany GmbH. All rights reserved.
License Information: a a, a, LIC=UB401-CHZGK-59WGZ-JX8TG-WLZ2N-JSCAA
 
Tool Versions:
Toolchain:       MDK-ARM Professional  Version: 5.14.0.0
Toolchain Path:  C:\Keil_v5\ARM\ARMCC\Bin
C Compiler:      Armcc.exe V5.05 update 1 (build 106)
Assembler:       Armasm.exe V5.05 update 1 (build 106)
Linker/Locator:  ArmLink.exe V5.05 update 1 (build 106)
Library Manager: ArmAr.exe V5.05 update 1 (build 106)
Hex Converter:   FromElf.exe V5.05 update 1 (build 106)
CPU DLL:         SARMCM3.DLL V5.14.0.0
Dialog DLL:      DCM.DLL V1.13.1.0
Target DLL:      UL2CM3.DLL V1.155.0.0
Dialog DLL:      TCM.DLL V1.14.4.0
 
<h2>Project:</h2>
D:\CodeStorage\Relta\mdk\Relta.uvprojx
Project File Date:  05/11/2020

<h2>Output:</h2>
Rebuild target 'RELTA'
assembling startup_stm32f40_41xxx.s...
compiling delay.c...
compiling stm32f4xx_exti.c...
compiling stm32f4xx_gpio.c...
compiling stm32f4xx_rcc.c...
compiling stm32f4xx_syscfg.c...
compiling stm32f4xx_tim.c...
compiling stm32f4xx_usart.c...
compiling sys.c...
compiling misc.c...
compiling bsp.c...
compiling buffer.c...
..\module\buffer.c(80): warning:  #174-D: expression has no effect
      for (value;value<='0'||value>='9';value = Uart_Buff_Read(uart_buff))
..\module\buffer.c: 1 warning, 0 errors
compiling delta.c...
compiling gcode.c...
..\module\gcode.c(30): warning:  #174-D: expression has no effect
      for(key;key==0x0d||uart_buff->length==0;key=Uart_Buff_Read(uart_buff))
..\module\gcode.c: 1 warning, 0 errors
compiling motion.c...
..\module\motion.c(21): warning:  #174-D: expression has no effect
          buffer->content[buffer->head]->step[stepperX->id];
..\module\motion.c: 1 warning, 0 errors
compiling planner.c...
compiling main.c...
..\user\LDR_v0.2\main.c(53): warning:  #177-D: variable "XYZ_C" was declared but never referenced
      float XYZ_C[3];
..\user\LDR_v0.2\main.c(54): warning:  #177-D: variable "XYZ_Home" was declared but never referenced
      float XYZ_Home[3] = {0.0f,0.0f,50.0f};
..\user\LDR_v0.2\main.c(55): warning:  #177-D: variable "XYZ_R" was declared but never referenced
      float XYZ_R[3] = {0.0f,0.0f,300.0f};
..\user\LDR_v0.2\main.c(56): warning:  #177-D: variable "dwell" was declared but never referenced
      static float dwell;
..\user\LDR_v0.2\main.c: 4 warnings, 0 errors
compiling stm32f4xx_it.c...
compiling system_stm32f4xx.c...
linking...
Program Size: Code=14304 RO-data=492 RW-data=36 ZI-data=3076  
".\Objects\Relta.axf" - 0 Error(s), 7 Warning(s).

<h2>Collection of Component include folders:</h2>
  D:\CodeStorage\Relta\mdk\RTE
  C:\Keil_v5\ARM\PACK\Keil\STM32F4xx_DFP\1.0.8\Device\Include

<h2>Collection of Component Files used:</h2>
</pre>
</body>
</html>
