<html>
<body>
<pre>
<h1>µVision Build Log</h1>
<h2>Tool Versions:</h2>
IDE-Version: ¦ÌVision V5.14.0.0
Copyright (C) 2015 ARM Ltd and ARM Germany GmbH. All rights reserved.
License Information: a a, a, LIC=UB401-CHZGK-59WGZ-JX8TG-WLZ2N-JSCAA
 
Tool Versions:
Toolchain:       MDK-ARM Professional  Version: 5.14.0.0
Toolchain Path:  C:\Keil_v5\ARM\ARMCC\Bin
C Compiler:      Armcc.exe V5.05 update 1 (build 106)
Assembler:       Armasm.exe V5.05 update 1 (build 106)
Linker/Locator:  ArmLink.exe V5.05 update 1 (build 106)
Library Manager: ArmAr.exe V5.05 update 1 (build 106)
Hex Converter:   FromElf.exe V5.05 update 1 (build 106)
CPU DLL:         SARMCM3.DLL V5.14.0.0
Dialog DLL:      DCM.DLL V1.13.1.0
Target DLL:      STLink\ST-LINKIII-KEIL_SWO.dll V2.0.14.0_KEIL
Dialog DLL:      TCM.DLL V1.14.4.0
 
<h2>Project:</h2>
D:\CodeStorage\Relta\mdk\Relta.uvprojx
Project File Date:  05/21/2020

<h2>Output:</h2>
Build target 'RELTA'
compiling buffer.c...
..\module\buffer.c(85): warning:  #174-D: expression has no effect
      for (value;value>='0'&&value<='9';value = Uart_Buff_Read(uart_buff))
..\module\buffer.c: 1 warning, 0 errors
compiling main.c...
..\user\LDR_v0.2\main.c(199): warning:  #177-D: variable "XYZ_C" was declared but never referenced
      float XYZ_C[3];
..\user\LDR_v0.2\main.c(200): warning:  #177-D: variable "XYZ_Home" was declared but never referenced
      float XYZ_Home[3] = {0.0f,0.0f,50.0f};
..\user\LDR_v0.2\main.c(201): warning:  #177-D: variable "XYZ_R" was declared but never referenced
      float XYZ_R[3] = {0.0f,0.0f,300.0f};
..\user\LDR_v0.2\main.c(202): warning:  #177-D: variable "dwell" was declared but never referenced
      static float dwell;
..\user\LDR_v0.2\main.c(331): warning:  #174-D: expression has no effect
                      block_buff.content[block_buff.head]->flag == block_busy;
..\user\LDR_v0.2\main.c: 5 warnings, 0 errors
linking...
Program Size: Code=7672 RO-data=492 RW-data=20 ZI-data=3076  
".\Objects\Relta.axf" - 0 Error(s), 6 Warning(s).

<h2>Collection of Component include folders:</h2>
  D:\CodeStorage\Relta\mdk\RTE
  C:\Keil_v5\ARM\PACK\Keil\STM32F4xx_DFP\1.0.8\Device\Include

<h2>Collection of Component Files used:</h2>
</pre>
</body>
</html>
