<html>
<body>
<pre>
<h1>µVision Build Log</h1>
<h2>Tool Versions:</h2>
IDE-Version: ¦ÌVision V5.14.0.0
Copyright (C) 2015 ARM Ltd and ARM Germany GmbH. All rights reserved.
License Information: kkkkk KW_DONG,  kkkkk, LIC=FYKY8-3JN6Y-WF1I7-EB4TQ-TE5B1-3THPS
 
Tool Versions:
Toolchain:       MDK-ARM Standard  Version: 5.14.0.0
Toolchain Path:  C:\Keil_v5\ARM\ARMCC\Bin
C Compiler:      Armcc.exe V5.05 update 1 (build 106)
Assembler:       Armasm.exe V5.05 update 1 (build 106)
Linker/Locator:  ArmLink.exe V5.05 update 1 (build 106)
Library Manager: ArmAr.exe V5.05 update 1 (build 106)
Hex Converter:   FromElf.exe V5.05 update 1 (build 106)
CPU DLL:         SARMCM3.DLL V5.14.0.0
Dialog DLL:      DCM.DLL V1.13.1.0
Target DLL:      STLink\ST-LINKIII-KEIL_SWO.dll V2.0.14.0_KEIL
Dialog DLL:      TCM.DLL V1.14.4.0
 
<h2>Project:</h2>
C:\Users\KW_DONG\Documents\GitHub\Relta\mdk\Relta.uvprojx
Project File Date:  06/03/2020

<h2>Output:</h2>
Build target 'RELTA'
compiling bsp.c...
compiling buffer.c...
..\module\buffer.c(79): warning:  #174-D: expression has no effect
      for (value;value>='0'&&value<='9';value = Uart_Buff_Read(uart_buff))
..\module\buffer.c: 1 warning, 0 errors
compiling delta.c...
compiling gcode.c...
..\module\gcode.c(30): warning:  #174-D: expression has no effect
      for(key;key!=0x0d&&uart_buff->length>0;key=Uart_Buff_Read(uart_buff))
..\module\gcode.c: 1 warning, 0 errors
compiling machine.c...
compiling planner_new.c...
compiling stepper.c...
compiling test.c...
..\module\test.h(23): warning:  #1-D: last line of file ends without a newline
                                                
..\module\test.c: 1 warning, 0 errors
compiling main.c...
..\module\test.h(23): warning:  #1-D: last line of file ends without a newline
                                                
..\user\LDR_v0.2\main.c(84): warning:  #177-D: variable "new_block" was declared but never referenced
      block_t new_block;
..\user\LDR_v0.2\main.c: 2 warnings, 0 errors
linking...
Program Size: Code=10720 RO-data=568 RW-data=52 ZI-data=1900  
".\Objects\Relta.axf" - 0 Error(s), 5 Warning(s).

<h2>Collection of Component include folders:</h2>
  C:\Users\KW_DONG\Documents\GitHub\Relta\mdk\RTE
  C:\Keil_v5\ARM\PACK\Keil\STM32F4xx_DFP\1.0.8\Device\Include

<h2>Collection of Component Files used:</h2>
</pre>
</body>
</html>
