<html>
<body>
<pre>
<h1>µVision Build Log</h1>
<h2>Tool Versions:</h2>
IDE-Version: ¦ÌVision V5.14.0.0
Copyright (C) 2015 ARM Ltd and ARM Germany GmbH. All rights reserved.
License Information: a a, a, LIC=UB401-CHZGK-59WGZ-JX8TG-WLZ2N-JSCAA
 
Tool Versions:
Toolchain:       MDK-ARM Professional  Version: 5.14.0.0
Toolchain Path:  C:\Keil_v5\ARM\ARMCC\Bin
C Compiler:      Armcc.exe V5.05 update 1 (build 106)
Assembler:       Armasm.exe V5.05 update 1 (build 106)
Linker/Locator:  ArmLink.exe V5.05 update 1 (build 106)
Library Manager: ArmAr.exe V5.05 update 1 (build 106)
Hex Converter:   FromElf.exe V5.05 update 1 (build 106)
CPU DLL:         SARMCM3.DLL V5.14.0.0
Dialog DLL:      DCM.DLL V1.13.1.0
Target DLL:      UL2CM3.DLL V1.155.0.0
Dialog DLL:      TCM.DLL V1.14.4.0
 
<h2>Project:</h2>
D:\CodeStorage\Relta\mdk\Relta.uvprojx
Project File Date:  05/11/2020

<h2>Output:</h2>
Rebuild target 'RELTA'
assembling startup_stm32f40_41xxx.s...
compiling delay.c...
compiling stm32f4xx_exti.c...
compiling stm32f4xx_gpio.c...
compiling stm32f4xx_rcc.c...
compiling stm32f4xx_syscfg.c...
compiling stm32f4xx_tim.c...
compiling stm32f4xx_usart.c...
compiling sys.c...
compiling misc.c...
compiling bsp.c...
compiling buffer.c...
..\module\buffer.c(84): warning:  #550-D: parameter "block" was set but never used
  uint8_t Block_Buff_Read(block_t* block, block_buff_t* ring_buff)
..\module\buffer.c(151): warning:  #174-D: expression has no effect
      for (cha;cha<='0'||cha>='9';cha = Uart_Buff_Read(uart_buff))
..\module\buffer.c: 2 warnings, 0 errors
compiling delta.c...
compiling gcode.c...
..\module\gcode.c(22): warning:  #940-D: missing return statement at end of non-void function "Ascii"
  }
..\module\gcode.c(33): warning:  #174-D: expression has no effect
      for(key;key==0x0d||uart_buff->length==0;key=Uart_Buff_Read(uart_buff))
..\module\gcode.c: 2 warnings, 0 errors
compiling motion.c...
compiling planner.c...
..\module\planner.c(41): warning:  #223-D: function "abs" declared implicitly
      int32_t s_acc2[3] = {(block->freq[0]+v_out[0])*abs(t_acc2[0])/2,
..\module\planner.c: 1 warning, 0 errors
compiling main.c...
compiling stm32f4xx_it.c...
compiling system_stm32f4xx.c...
linking...
Program Size: Code=18232 RO-data=800 RW-data=28 ZI-data=3092  
".\Objects\Relta.axf" - 0 Error(s), 5 Warning(s).

<h2>Collection of Component include folders:</h2>
  D:\CodeStorage\Relta\mdk\RTE
  C:\Keil_v5\ARM\PACK\Keil\STM32F4xx_DFP\1.0.8\Device\Include

<h2>Collection of Component Files used:</h2>
</pre>
</body>
</html>
