<html>
<body>
<pre>
<h1>µVision Build Log</h1>
<h2>Tool Versions:</h2>
IDE-Version: ¦ÌVision V5.14.0.0
Copyright (C) 2015 ARM Ltd and ARM Germany GmbH. All rights reserved.
License Information: a a, a, LIC=UB401-CHZGK-59WGZ-JX8TG-WLZ2N-JSCAA
 
Tool Versions:
Toolchain:       MDK-ARM Professional  Version: 5.14.0.0
Toolchain Path:  C:\Keil_v5\ARM\ARMCC\Bin
C Compiler:      Armcc.exe V5.05 update 1 (build 106)
Assembler:       Armasm.exe V5.05 update 1 (build 106)
Linker/Locator:  ArmLink.exe V5.05 update 1 (build 106)
Library Manager: ArmAr.exe V5.05 update 1 (build 106)
Hex Converter:   FromElf.exe V5.05 update 1 (build 106)
CPU DLL:         SARMCM3.DLL V5.14.0.0
Dialog DLL:      DCM.DLL V1.13.1.0
Target DLL:      STLink\ST-LINKIII-KEIL_SWO.dll V2.0.14.0_KEIL
Dialog DLL:      TCM.DLL V1.14.4.0
 
<h2>Project:</h2>
D:\CodeStorage\Relta\mdk\Relta.uvprojx
Project File Date:  06/01/2020

<h2>Output:</h2>
Build target 'RELTA'
compiling buffer.c...
..\module\buffer.c(81): warning:  #174-D: expression has no effect
      for (value;value>='0'&&value<='9';value = Uart_Buff_Read(uart_buff))
..\module\buffer.c: 1 warning, 0 errors
compiling main.c...
..\user\LDR_v0.2\main.c(51): warning:  #550-D: variable "a_block" was set but never used
      block_t a_block;
..\user\LDR_v0.2\main.c(52): warning:  #550-D: variable "b_block" was set but never used
      block_t b_block;
..\user\LDR_v0.2\main.c: 2 warnings, 0 errors
linking...
Program Size: Code=9140 RO-data=468 RW-data=48 ZI-data=2632  
".\Objects\Relta.axf" - 0 Error(s), 3 Warning(s).

<h2>Collection of Component include folders:</h2>
  D:\CodeStorage\Relta\mdk\RTE
  C:\Keil_v5\ARM\PACK\Keil\STM32F4xx_DFP\1.0.8\Device\Include

<h2>Collection of Component Files used:</h2>
</pre>
</body>
</html>
